// Jest Snapshot v1, https://goo.gl/fbAQLP

exports[`Root Component renders 1`] = `
"<div className=\\"Root\\">
  <Connect(RecipeContainer) />
</div>"
`;
